// Jest Snapshot v1, https://goo.gl/fbAQLP

exports[`renders button with styled-components 1`] = `
<button
  className="sc-bdvvtL gcYKbd"
/>
`;
