// Jest Snapshot v1, https://goo.gl/fbAQLP

exports[`render button in deleteUser 1`] = `
<button
  class="sc-bdvvtL gcYKbd"
/>
`;

exports[`render button with container 1`] = `
<button
  class="sc-bdvvtL gcYKbd"
/>
`;
